******************************************************************************
                  TI ARM Linker PC v18.12.2                    
******************************************************************************
>> Linked Tue Apr 14 00:28:19 2020

OUTPUT FILE NAME:   <uart_echo.out>
ENTRY POINT SYMBOL: "_c_int00_noargs"  address: 00001001


MEMORY CONFIGURATION

         name            origin    length      used     unused   attr    fill
----------------------  --------  ---------  --------  --------  ----  --------
  FLASH                 00000000   00100000  0000177a  000fe886  R  X
  SRAM                  20000000   00040000  00000375  0003fc8b  RW X


SEGMENT ALLOCATION MAP

run origin  load origin   length   init length attrs members
----------  ----------- ---------- ----------- ----- -------
00000000    00000000    00001780   00001780    r-x
  00000000    00000000    00000200   00000200    r-- .intvecs
  00000200    00000200    0000102a   0000102a    r-x .text
  0000122c    0000122c    00000510   00000510    r-- .const
  00001740    00001740    00000040   00000040    r-- .cinit
20000000    20000000    00000375   00000000    rw-
  20000000    20000000    0000026c   00000000    rw- .vtable
  2000026c    2000026c    00000004   00000000    rw- .bss
  20000270    20000270    00000100   00000000    rw- .stack
  20000370    20000370    00000005   00000000    rw- .data


SECTION ALLOCATION MAP

 output                                  attributes/
section   page    origin      length       input sections
--------  ----  ----------  ----------   ----------------
.intvecs   0    00000000    00000200     
                  00000000    00000200     startup_ccs.obj (.intvecs)

.text      0    00000200    0000102a     
                  00000200    00000200     driverlib.lib : sysctl.obj (.text:SysCtlClockFreqSet)
                  00000400    000001ee     uartstdio.obj (.text:UARTvprintf)
                  000005ee    00000132     driverlib.lib : gpio.obj (.text:GPIOPadConfigSet)
                  00000720    000000f4                   : sysctl.obj (.text:SysCtlClockSet)
                  00000814    000000f4     fingerprtsens.obj (.text:interrupt_handler)
                  00000908    0000009c     rtsv7M4_T_le_v4SPD16_eabi.lib : memcpy_t2.asm.obj (.text)
                  000009a4    00000098     fingerprtsens.obj (.text:Send_cmd_pkt)
                  00000a3c    00000084     uart_echo.obj (.text:UARTIntHandler)
                  00000ac0    00000068     uart_echo.obj (.text:ConfigureUART)
                  00000b28    00000068     driverlib.lib : interrupt.obj (.text:IntEnable)
                  00000b90    00000068     rtsv7M4_T_le_v4SPD16_eabi.lib : copy_decompress_lzss.c.obj (.text:decompress:lzss:__TI_decompress_lzss)
                  00000bf8    00000060     uartstdio.obj (.text:UARTStdioConfig)
                  00000c58    00000060     uart_echo.obj (.text:uart3_config)
                  00000cb8    0000005c     fingerprtsens.obj (.text:Send_rsp_pkt)
                  00000d14    00000056     driverlib.lib : gpio.obj (.text:GPIOIntTypeSet)
                  00000d6a    00000002     startup_ccs.obj (.text:FaultISR)
                  00000d6c    00000054     fingerprtsens.obj (.text:interrupt_config)
                  00000dc0    00000048     driverlib.lib : gpio.obj (.text:GPIOPinConfigure)
                  00000e08    00000048     uartstdio.obj (.text:UARTwrite)
                  00000e50    00000048     driverlib.lib : sysctl.obj (.text:_SysCtlFrequencyGet)
                  00000e98    00000044                   : gpio.obj (.text:_GPIOIntNumberGet)
                  00000edc    00000044     rtsv7M4_T_le_v4SPD16_eabi.lib : autoinit.c.obj (.text:__TI_auto_init_nobinit_nopinit:__TI_auto_init_nobinit_nopinit)
                  00000f20    00000040                                   : u_divt2.asm.obj (.text)
                  00000f60    00000038     driverlib.lib : sysctl.obj (.text:SysCtlPeripheralReady)
                  00000f98    00000034                   : interrupt.obj (.text:IntRegister)
                  00000fcc    00000034                   : sysctl.obj (.text:SysCtlPeripheralEnable)
                  00001000    00000034     rtsv7M4_T_le_v4SPD16_eabi.lib : boot_cortex_m.c.obj (.text:_c_int00_noargs:_c_int00_noargs)
                  00001034    00000034     uart_echo.obj (.text:main)
                  00001068    0000002d     fingerprtsens.obj (.text:capture_fingerprt)
                  00001095    00000001     --HOLE-- [fill = 0]
                  00001096    00000002     startup_ccs.obj (.text:IntDefaultHandler)
                  00001098    0000002b     fingerprtsens.obj (.text:Identify_fingerprt)
                  000010c3    00000001     --HOLE-- [fill = 0]
                  000010c4    0000002a     driverlib.lib : gpio.obj (.text:GPIODirModeSet)
                  000010ee    00000002     startup_ccs.obj (.text:NmiSR)
                  000010f0    00000020     driverlib.lib : sysctl.obj (.text:_SysCtlMemTimingGet)
                  00001110    0000001c     rtsv7M4_T_le_v4SPD16_eabi.lib : copy_zero_init.c.obj (.text:decompress:ZI:__TI_zero_init_nomemset:__TI_zero_init_nomemset)
                  0000112c    0000001a     uartstdio.obj (.text:UARTprintf)
                  00001146    00000018     driverlib.lib : gpio.obj (.text:GPIOIntRegister)
                  0000115e    00000016     fingerprtsens.obj (.text:Checksum)
                  00001174    00000012     driverlib.lib : gpio.obj (.text:GPIOPinTypeGPIOInput)
                  00001186    00000010                   : interrupt.obj (.text:IntMasterDisable)
                  00001196    00000010                   : interrupt.obj (.text:IntMasterEnable)
                  000011a6    0000000e                   : gpio.obj (.text:GPIOIntStatus)
                  000011b4    0000000e     rtsv7M4_T_le_v4SPD16_eabi.lib : copy_decompress_none.c.obj (.text:decompress:none:__TI_decompress_none)
                  000011c2    0000000c     driverlib.lib : cpu.obj (.text:CPUcpsid)
                  000011ce    0000000c                   : cpu.obj (.text:CPUcpsie)
                  000011da    0000000c                   : gpio.obj (.text:GPIOIntEnable)
                  000011e6    0000000a                   : uart.obj (.text:UARTCharGet)
                  000011f0    0000000a                   : uart.obj (.text:UARTCharPut)
                  000011fa    00000008                   : uart.obj (.text:UARTBusy)
                  00001202    00000006                   : gpio.obj (.text:GPIOIntClear)
                  00001208    00000006                   : gpio.obj (.text:GPIOPinWrite)
                  0000120e    00000006     startup_ccs.obj (.text:ResetISR)
                  00001214    00000006     driverlib.lib : sysctl.obj (.text:SysCtlDelay)
                  0000121a    00000006                   : uart.obj (.text:UARTClockSourceSet)
                  00001220    00000004     rtsv7M4_T_le_v4SPD16_eabi.lib : pre_init.c.obj (.text:_system_pre_init)
                  00001224    00000004                                   : exit.c.obj (.text:abort:abort)
                  00001228    00000002                                   : div0.asm.obj (.text)

.const     0    0000122c    00000510     
                  0000122c    000001b0     driverlib.lib : sysctl.obj (.const:g_pppui32XTALtoVCO)
                  000013dc    000000d8                   : gpio.obj (.const:g_ppui32GPIOIntMapSnowflake)
                  000014b4    000000c0                   : gpio.obj (.const:g_ppui32GPIOIntMapBlizzard)
                  00001574    00000090                   : gpio.obj (.const:g_pui32GPIOBaseAddrs)
                  00001604    00000070                   : interrupt.obj (.const)
                  00001674    0000006c                   : sysctl.obj (.const:g_pui32Xtals)
                  000016e0    00000030                   : sysctl.obj (.const:g_sXTALtoMEMTIM)
                  00001710    0000000c     fingerprtsens.obj (.const:.string:$P$T0$1)
                  0000171c    0000000c     uartstdio.obj (.const:g_ui32UARTBase)
                  00001728    0000000c     uartstdio.obj (.const:g_ui32UARTPeriph)
                  00001734    00000008     driverlib.lib : sysctl.obj (.const)

.cinit     0    00001740    00000040     
                  00001740    0000000c     (__TI_handler_table)
                  0000174c    00000004     --HOLE-- [fill = 0]
                  00001750    00000008     (.cinit..bss.load) [load image, compression = zero_init]
                  00001758    00000008     (.cinit..vtable.load) [load image, compression = zero_init]
                  00001760    00000007     (.cinit..data.load) [load image, compression = lzss]
                  00001767    00000001     --HOLE-- [fill = 0]
                  00001768    00000018     (__TI_cinit_table)

.init_array 
*          0    00000000    00000000     UNINITIALIZED

.vtable    0    20000000    0000026c     UNINITIALIZED
                  20000000    0000026c     driverlib.lib : interrupt.obj (.vtable)

.bss       0    2000026c    00000004     UNINITIALIZED
                  2000026c    00000004     (.common:g_ui32SysClock)

.data      0    20000370    00000005     UNINITIALIZED
                  20000370    00000005     uartstdio.obj (.data)

.stack     0    20000270    00000100     UNINITIALIZED
                  20000270    00000004     rtsv7M4_T_le_v4SPD16_eabi.lib : boot_cortex_m.c.obj (.stack)
                  20000274    000000fc     --HOLE--

MODULE SUMMARY

       Module                       code   ro data   rw data
       ------                       ----   -------   -------
    .\
       uartstdio.obj                688    24        5      
       fingerprtsens.obj            682    12        0      
       startup_ccs.obj              12     512       0      
       uart_echo.obj                384    0         4      
    +--+----------------------------+------+---------+---------+
       Total:                       1766   548       9      
                                                            
    C:/ti/TivaWare_C_Series-2.1.4.178/driverlib/ccs/Debug/driverlib.lib
       sysctl.obj                   974    596       0      
       gpio.obj                     654    552       0      
       interrupt.obj                188    112       620    
       uart.obj                     34     0         0      
       cpu.obj                      24     0         0      
    +--+----------------------------+------+---------+---------+
       Total:                       1874   1260      620    
                                                            
    C:\ti\ccs910\ccs\tools\compiler\ti-cgt-arm_18.12.2.LTS\lib\rtsv7M4_T_le_v4SPD16_eabi.lib
       memcpy_t2.asm.obj            156    0         0      
       copy_decompress_lzss.c.obj   104    0         0      
       autoinit.c.obj               68     0         0      
       u_divt2.asm.obj              64     0         0      
       boot_cortex_m.c.obj          52     0         0      
       copy_zero_init.c.obj         28     0         0      
       copy_decompress_none.c.obj   14     0         0      
       exit.c.obj                   4      0         0      
       pre_init.c.obj               4      0         0      
       div0.asm.obj                 2      0         0      
    +--+----------------------------+------+---------+---------+
       Total:                       496    0         0      
                                                            
       Stack:                       0      0         256    
       Linker Generated:            0      59        0      
    +--+----------------------------+------+---------+---------+
       Grand Total:                 4136   1867      885    


LINKER GENERATED COPY TABLES

__TI_cinit_table @ 00001768 records: 3, size/record: 8, table size: 24
	.bss: load addr=00001750, load size=00000008 bytes, run addr=2000026c, run size=00000004 bytes, compression=zero_init
	.vtable: load addr=00001758, load size=00000008 bytes, run addr=20000000, run size=0000026c bytes, compression=zero_init
	.data: load addr=00001760, load size=00000007 bytes, run addr=20000370, run size=00000005 bytes, compression=lzss


LINKER GENERATED HANDLER TABLE

__TI_handler_table @ 00001740 records: 3, size/record: 4, table size: 12
	index: 0, handler: __TI_zero_init
	index: 1, handler: __TI_decompress_lzss
	index: 2, handler: __TI_decompress_none


GLOBAL SYMBOLS: SORTED ALPHABETICALLY BY Name 

address   name                          
-------   ----                          
00001225  C$$EXIT                       
000011c3  CPUcpsid                      
000011cf  CPUcpsie                      
0000115f  Checksum                      
00000ac1  ConfigureUART                 
000010c5  GPIODirModeSet                
00001203  GPIOIntClear                  
000011db  GPIOIntEnable                 
00001147  GPIOIntRegister               
000011a7  GPIOIntStatus                 
00000d15  GPIOIntTypeSet                
000005ef  GPIOPadConfigSet              
00000dc1  GPIOPinConfigure              
00001175  GPIOPinTypeGPIOInput          
00001209  GPIOPinWrite                  
00001099  Identify_fingerprt            
00000b29  IntEnable                     
00001187  IntMasterDisable              
00001197  IntMasterEnable               
00000f99  IntRegister                   
0000120f  ResetISR                      
000009a5  Send_cmd_pkt                  
00000cb9  Send_rsp_pkt                  
00000201  SysCtlClockFreqSet            
00000721  SysCtlClockSet                
00001215  SysCtlDelay                   
00000fcd  SysCtlPeripheralEnable        
00000f61  SysCtlPeripheralReady         
000011fb  UARTBusy                      
000011e7  UARTCharGet                   
000011f1  UARTCharPut                   
0000121b  UARTClockSourceSet            
00000a3d  UARTIntHandler                
00000bf9  UARTStdioConfig               
0000112d  UARTprintf                    
00000401  UARTvprintf                   
00000e09  UARTwrite                     
20000370  __STACK_END                   
00000100  __STACK_SIZE                  
20000370  __STACK_TOP                   
00001768  __TI_CINIT_Base               
00001780  __TI_CINIT_Limit              
00001740  __TI_Handler_Table_Base       
0000174c  __TI_Handler_Table_Limit      
00000edd  __TI_auto_init_nobinit_nopinit
00000b91  __TI_decompress_lzss          
000011b5  __TI_decompress_none          
ffffffff  __TI_pprof_out_hndl           
ffffffff  __TI_prof_data_size           
ffffffff  __TI_prof_data_start          
00000000  __TI_static_base__            
00001111  __TI_zero_init_nomemset       
00001229  __aeabi_idiv0                 
00001229  __aeabi_ldiv0                 
00000909  __aeabi_memcpy                
00000909  __aeabi_memcpy4               
00000909  __aeabi_memcpy8               
00000f21  __aeabi_uidiv                 
00000f21  __aeabi_uidivmod              
ffffffff  __binit__                     
ffffffff  __c_args__                    
UNDEFED   __mpu_init                    
20000270  __stack                       
00001001  _c_int00_noargs               
UNDEFED   _system_post_cinit            
00001221  _system_pre_init              
00001225  abort                         
ffffffff  binit                         
00001069  capture_fingerprt             
20000000  g_pfnRAMVectors               
00000000  g_pfnVectors                  
2000026c  g_ui32SysClock                
00000d6d  interrupt_config              
00000815  interrupt_handler             
00001035  main                          
00000909  memcpy                        
00000c59  uart3_config                  


GLOBAL SYMBOLS: SORTED BY Symbol Address 

address   name                          
-------   ----                          
00000000  __TI_static_base__            
00000000  g_pfnVectors                  
00000100  __STACK_SIZE                  
00000201  SysCtlClockFreqSet            
00000401  UARTvprintf                   
000005ef  GPIOPadConfigSet              
00000721  SysCtlClockSet                
00000815  interrupt_handler             
00000909  __aeabi_memcpy                
00000909  __aeabi_memcpy4               
00000909  __aeabi_memcpy8               
00000909  memcpy                        
000009a5  Send_cmd_pkt                  
00000a3d  UARTIntHandler                
00000ac1  ConfigureUART                 
00000b29  IntEnable                     
00000b91  __TI_decompress_lzss          
00000bf9  UARTStdioConfig               
00000c59  uart3_config                  
00000cb9  Send_rsp_pkt                  
00000d15  GPIOIntTypeSet                
00000d6d  interrupt_config              
00000dc1  GPIOPinConfigure              
00000e09  UARTwrite                     
00000edd  __TI_auto_init_nobinit_nopinit
00000f21  __aeabi_uidiv                 
00000f21  __aeabi_uidivmod              
00000f61  SysCtlPeripheralReady         
00000f99  IntRegister                   
00000fcd  SysCtlPeripheralEnable        
00001001  _c_int00_noargs               
00001035  main                          
00001069  capture_fingerprt             
00001099  Identify_fingerprt            
000010c5  GPIODirModeSet                
00001111  __TI_zero_init_nomemset       
0000112d  UARTprintf                    
00001147  GPIOIntRegister               
0000115f  Checksum                      
00001175  GPIOPinTypeGPIOInput          
00001187  IntMasterDisable              
00001197  IntMasterEnable               
000011a7  GPIOIntStatus                 
000011b5  __TI_decompress_none          
000011c3  CPUcpsid                      
000011cf  CPUcpsie                      
000011db  GPIOIntEnable                 
000011e7  UARTCharGet                   
000011f1  UARTCharPut                   
000011fb  UARTBusy                      
00001203  GPIOIntClear                  
00001209  GPIOPinWrite                  
0000120f  ResetISR                      
00001215  SysCtlDelay                   
0000121b  UARTClockSourceSet            
00001221  _system_pre_init              
00001225  C$$EXIT                       
00001225  abort                         
00001229  __aeabi_idiv0                 
00001229  __aeabi_ldiv0                 
00001740  __TI_Handler_Table_Base       
0000174c  __TI_Handler_Table_Limit      
00001768  __TI_CINIT_Base               
00001780  __TI_CINIT_Limit              
20000000  g_pfnRAMVectors               
2000026c  g_ui32SysClock                
20000270  __stack                       
20000370  __STACK_END                   
20000370  __STACK_TOP                   
ffffffff  __TI_pprof_out_hndl           
ffffffff  __TI_prof_data_size           
ffffffff  __TI_prof_data_start          
ffffffff  __binit__                     
ffffffff  __c_args__                    
ffffffff  binit                         
UNDEFED   __mpu_init                    
UNDEFED   _system_post_cinit            

[77 symbols]
