******************************************************************************
                  TI ARM Linker PC v18.12.2                    
******************************************************************************
>> Linked Sun Apr 12 22:19:13 2020

OUTPUT FILE NAME:   <uart_echo.out>
ENTRY POINT SYMBOL: "_c_int00_noargs"  address: 00000b55


MEMORY CONFIGURATION

         name            origin    length      used     unused   attr    fill
----------------------  --------  ---------  --------  --------  ----  --------
  FLASH                 00000000   00100000  00001246  000fedba  R  X
  SRAM                  20000000   00040000  00000370  0003fc90  RW X


SEGMENT ALLOCATION MAP

run origin  load origin   length   init length attrs members
----------  ----------- ---------- ----------- ----- -------
00000000    00000000    0000124c   0000124c    r-x
  00000000    00000000    00000200   00000200    r-- .intvecs
  00000200    00000200    00000b2a   00000b2a    r-x .text
  00000d2c    00000d2c    000004f8   000004f8    r-- .const
  00001228    00001228    00000024   00000024    r-- .cinit
20000000    20000000    00000370   00000000    rw-
  20000000    20000000    0000026c   00000000    rw- .vtable
  2000026c    2000026c    00000004   00000000    rw- .bss
  20000270    20000270    00000100   00000000    rw- .stack


SECTION ALLOCATION MAP

 output                                  attributes/
section   page    origin      length       input sections
--------  ----  ----------  ----------   ----------------
.intvecs   0    00000000    00000200     
                  00000000    00000200     startup_ccs.obj (.intvecs)

.text      0    00000200    00000b2a     
                  00000200    00000200     driverlib.lib : sysctl.obj (.text:SysCtlClockFreqSet)
                  00000400    00000132                   : gpio.obj (.text:GPIOPadConfigSet)
                  00000532    00000002     startup_ccs.obj (.text:FaultISR)
                  00000534    000000cc     uart_echo.obj (.text:main)
                  00000600    0000009c     rtsv7M4_T_le_v4SPD16_eabi.lib : memcpy_t2.asm.obj (.text)
                  0000069c    00000084     uart_echo.obj (.text:UARTIntHandler)
                  00000720    00000080     fingerprtsens.obj (.text:interrupt_handler)
                  000007a0    00000068     driverlib.lib : interrupt.obj (.text:IntEnable)
                  00000808    00000060     uart_echo.obj (.text:uart3_config)
                  00000868    00000056     driverlib.lib : gpio.obj (.text:GPIOIntTypeSet)
                  000008be    00000002     startup_ccs.obj (.text:IntDefaultHandler)
                  000008c0    00000054     fingerprtsens.obj (.text:interrupt_config)
                  00000914    0000004c     fingerprtsens.obj (.text:Send_cmd_pkt)
                  00000960    00000048     driverlib.lib : gpio.obj (.text:GPIOPinConfigure)
                  000009a8    00000048                   : sysctl.obj (.text:_SysCtlFrequencyGet)
                  000009f0    00000044                   : gpio.obj (.text:_GPIOIntNumberGet)
                  00000a34    00000044     rtsv7M4_T_le_v4SPD16_eabi.lib : autoinit.c.obj (.text:__TI_auto_init_nobinit_nopinit:__TI_auto_init_nobinit_nopinit)
                  00000a78    00000039     fingerprtsens.obj (.text:capture_fingerprt)
                  00000ab1    00000001     --HOLE-- [fill = 0]
                  00000ab2    00000002     startup_ccs.obj (.text:NmiSR)
                  00000ab4    00000038     driverlib.lib : sysctl.obj (.text:SysCtlPeripheralReady)
                  00000aec    00000034                   : interrupt.obj (.text:IntRegister)
                  00000b20    00000034                   : sysctl.obj (.text:SysCtlPeripheralEnable)
                  00000b54    00000034     rtsv7M4_T_le_v4SPD16_eabi.lib : boot_cortex_m.c.obj (.text:_c_int00_noargs:_c_int00_noargs)
                  00000b88    0000002e     fingerprtsens.obj (.text:Identify_fingerprt)
                  00000bb6    0000002a     driverlib.lib : gpio.obj (.text:GPIODirModeSet)
                  00000be0    00000028     fingerprtsens.obj (.text:UARTSend)
                  00000c08    00000020     fingerprtsens.obj (.text:Send_rsp_pkt)
                  00000c28    00000020     driverlib.lib : sysctl.obj (.text:_SysCtlMemTimingGet)
                  00000c48    0000001c     rtsv7M4_T_le_v4SPD16_eabi.lib : copy_zero_init.c.obj (.text:decompress:ZI:__TI_zero_init_nomemset:__TI_zero_init_nomemset)
                  00000c64    00000018     driverlib.lib : gpio.obj (.text:GPIOIntRegister)
                  00000c7c    00000016     fingerprtsens.obj (.text:Checksum)
                  00000c92    00000012     driverlib.lib : gpio.obj (.text:GPIOPinTypeGPIOInput)
                  00000ca4    00000010                   : interrupt.obj (.text:IntMasterDisable)
                  00000cb4    00000010                   : interrupt.obj (.text:IntMasterEnable)
                  00000cc4    0000000e                   : gpio.obj (.text:GPIOIntStatus)
                  00000cd2    0000000c                   : cpu.obj (.text:CPUcpsid)
                  00000cde    0000000c                   : cpu.obj (.text:CPUcpsie)
                  00000cea    0000000c                   : gpio.obj (.text:GPIOIntEnable)
                  00000cf6    0000000a                   : uart.obj (.text:UARTCharGet)
                  00000d00    0000000a                   : uart.obj (.text:UARTCharPut)
                  00000d0a    00000006                   : gpio.obj (.text:GPIOIntClear)
                  00000d10    00000006                   : gpio.obj (.text:GPIOPinWrite)
                  00000d16    00000006     startup_ccs.obj (.text:ResetISR)
                  00000d1c    00000006     driverlib.lib : sysctl.obj (.text:SysCtlDelay)
                  00000d22    00000004     rtsv7M4_T_le_v4SPD16_eabi.lib : pre_init.c.obj (.text:_system_pre_init)
                  00000d26    00000004                                   : exit.c.obj (.text:abort:abort)

.const     0    00000d2c    000004f8     
                  00000d2c    000001b0     driverlib.lib : sysctl.obj (.const:g_pppui32XTALtoVCO)
                  00000edc    000000d8                   : gpio.obj (.const:g_ppui32GPIOIntMapSnowflake)
                  00000fb4    000000c0                   : gpio.obj (.const:g_ppui32GPIOIntMapBlizzard)
                  00001074    00000090                   : gpio.obj (.const:g_pui32GPIOBaseAddrs)
                  00001104    00000070                   : interrupt.obj (.const)
                  00001174    0000006c                   : sysctl.obj (.const:g_pui32Xtals)
                  000011e0    00000030                   : sysctl.obj (.const:g_sXTALtoMEMTIM)
                  00001210    0000000c     fingerprtsens.obj (.const:.string:$P$T0$1)
                  0000121c    00000008     driverlib.lib : sysctl.obj (.const)

.cinit     0    00001228    00000024     
                  00001228    00000008     (.cinit..bss.load) [load image, compression = zero_init]
                  00001230    00000008     (.cinit..vtable.load) [load image, compression = zero_init]
                  00001238    00000004     (__TI_handler_table)
                  0000123c    00000010     (__TI_cinit_table)

.init_array 
*          0    00000000    00000000     UNINITIALIZED

.vtable    0    20000000    0000026c     UNINITIALIZED
                  20000000    0000026c     driverlib.lib : interrupt.obj (.vtable)

.bss       0    2000026c    00000004     UNINITIALIZED
                  2000026c    00000004     (.common:g_ui32SysClock)

.stack     0    20000270    00000100     UNINITIALIZED
                  20000270    00000004     rtsv7M4_T_le_v4SPD16_eabi.lib : boot_cortex_m.c.obj (.stack)
                  20000274    000000fc     --HOLE--

MODULE SUMMARY

       Module                 code   ro data   rw data
       ------                 ----   -------   -------
    .\
       startup_ccs.obj        12     512       0      
       fingerprtsens.obj      485    12        0      
       uart_echo.obj          432    0         4      
    +--+----------------------+------+---------+---------+
       Total:                 929    524       4      
                                                      
    C:/ti/TivaWare_C_Series-2.1.4.178/driverlib/ccs/Debug/driverlib.lib
       sysctl.obj             730    596       0      
       gpio.obj               654    552       0      
       interrupt.obj          188    112       620    
       cpu.obj                24     0         0      
       uart.obj               20     0         0      
    +--+----------------------+------+---------+---------+
       Total:                 1616   1260      620    
                                                      
    C:\ti\ccs910\ccs\tools\compiler\ti-cgt-arm_18.12.2.LTS\lib\rtsv7M4_T_le_v4SPD16_eabi.lib
       memcpy_t2.asm.obj      156    0         0      
       autoinit.c.obj         68     0         0      
       boot_cortex_m.c.obj    52     0         0      
       copy_zero_init.c.obj   28     0         0      
       exit.c.obj             4      0         0      
       pre_init.c.obj         4      0         0      
    +--+----------------------+------+---------+---------+
       Total:                 312    0         0      
                                                      
       Stack:                 0      0         256    
       Linker Generated:      0      36        0      
    +--+----------------------+------+---------+---------+
       Grand Total:           2857   1820      880    


LINKER GENERATED COPY TABLES

__TI_cinit_table @ 0000123c records: 2, size/record: 8, table size: 16
	.bss: load addr=00001228, load size=00000008 bytes, run addr=2000026c, run size=00000004 bytes, compression=zero_init
	.vtable: load addr=00001230, load size=00000008 bytes, run addr=20000000, run size=0000026c bytes, compression=zero_init


LINKER GENERATED HANDLER TABLE

__TI_handler_table @ 00001238 records: 1, size/record: 4, table size: 4
	index: 0, handler: __TI_zero_init


GLOBAL SYMBOLS: SORTED ALPHABETICALLY BY Name 

address   name                          
-------   ----                          
00000d27  C$$EXIT                       
00000cd3  CPUcpsid                      
00000cdf  CPUcpsie                      
00000c7d  Checksum                      
00000bb7  GPIODirModeSet                
00000d0b  GPIOIntClear                  
00000ceb  GPIOIntEnable                 
00000c65  GPIOIntRegister               
00000cc5  GPIOIntStatus                 
00000869  GPIOIntTypeSet                
00000401  GPIOPadConfigSet              
00000961  GPIOPinConfigure              
00000c93  GPIOPinTypeGPIOInput          
00000d11  GPIOPinWrite                  
00000b89  Identify_fingerprt            
000007a1  IntEnable                     
00000ca5  IntMasterDisable              
00000cb5  IntMasterEnable               
00000aed  IntRegister                   
00000d17  ResetISR                      
00000915  Send_cmd_pkt                  
00000c09  Send_rsp_pkt                  
00000201  SysCtlClockFreqSet            
00000d1d  SysCtlDelay                   
00000b21  SysCtlPeripheralEnable        
00000ab5  SysCtlPeripheralReady         
00000cf7  UARTCharGet                   
00000d01  UARTCharPut                   
0000069d  UARTIntHandler                
00000be1  UARTSend                      
20000370  __STACK_END                   
00000100  __STACK_SIZE                  
20000370  __STACK_TOP                   
0000123c  __TI_CINIT_Base               
0000124c  __TI_CINIT_Limit              
00001238  __TI_Handler_Table_Base       
0000123c  __TI_Handler_Table_Limit      
00000a35  __TI_auto_init_nobinit_nopinit
ffffffff  __TI_pprof_out_hndl           
ffffffff  __TI_prof_data_size           
ffffffff  __TI_prof_data_start          
00000000  __TI_static_base__            
00000c49  __TI_zero_init_nomemset       
00000601  __aeabi_memcpy                
00000601  __aeabi_memcpy4               
00000601  __aeabi_memcpy8               
ffffffff  __binit__                     
ffffffff  __c_args__                    
UNDEFED   __mpu_init                    
20000270  __stack                       
00000b55  _c_int00_noargs               
UNDEFED   _system_post_cinit            
00000d23  _system_pre_init              
00000d27  abort                         
ffffffff  binit                         
00000a79  capture_fingerprt             
20000000  g_pfnRAMVectors               
00000000  g_pfnVectors                  
2000026c  g_ui32SysClock                
000008c1  interrupt_config              
00000721  interrupt_handler             
00000535  main                          
00000601  memcpy                        
00000809  uart3_config                  


GLOBAL SYMBOLS: SORTED BY Symbol Address 

address   name                          
-------   ----                          
00000000  __TI_static_base__            
00000000  g_pfnVectors                  
00000100  __STACK_SIZE                  
00000201  SysCtlClockFreqSet            
00000401  GPIOPadConfigSet              
00000535  main                          
00000601  __aeabi_memcpy                
00000601  __aeabi_memcpy4               
00000601  __aeabi_memcpy8               
00000601  memcpy                        
0000069d  UARTIntHandler                
00000721  interrupt_handler             
000007a1  IntEnable                     
00000809  uart3_config                  
00000869  GPIOIntTypeSet                
000008c1  interrupt_config              
00000915  Send_cmd_pkt                  
00000961  GPIOPinConfigure              
00000a35  __TI_auto_init_nobinit_nopinit
00000a79  capture_fingerprt             
00000ab5  SysCtlPeripheralReady         
00000aed  IntRegister                   
00000b21  SysCtlPeripheralEnable        
00000b55  _c_int00_noargs               
00000b89  Identify_fingerprt            
00000bb7  GPIODirModeSet                
00000be1  UARTSend                      
00000c09  Send_rsp_pkt                  
00000c49  __TI_zero_init_nomemset       
00000c65  GPIOIntRegister               
00000c7d  Checksum                      
00000c93  GPIOPinTypeGPIOInput          
00000ca5  IntMasterDisable              
00000cb5  IntMasterEnable               
00000cc5  GPIOIntStatus                 
00000cd3  CPUcpsid                      
00000cdf  CPUcpsie                      
00000ceb  GPIOIntEnable                 
00000cf7  UARTCharGet                   
00000d01  UARTCharPut                   
00000d0b  GPIOIntClear                  
00000d11  GPIOPinWrite                  
00000d17  ResetISR                      
00000d1d  SysCtlDelay                   
00000d23  _system_pre_init              
00000d27  C$$EXIT                       
00000d27  abort                         
00001238  __TI_Handler_Table_Base       
0000123c  __TI_CINIT_Base               
0000123c  __TI_Handler_Table_Limit      
0000124c  __TI_CINIT_Limit              
20000000  g_pfnRAMVectors               
2000026c  g_ui32SysClock                
20000270  __stack                       
20000370  __STACK_END                   
20000370  __STACK_TOP                   
ffffffff  __TI_pprof_out_hndl           
ffffffff  __TI_prof_data_size           
ffffffff  __TI_prof_data_start          
ffffffff  __binit__                     
ffffffff  __c_args__                    
ffffffff  binit                         
UNDEFED   __mpu_init                    
UNDEFED   _system_post_cinit            

[64 symbols]
