******************************************************************************
                  TI ARM Linker PC v18.12.3                    
******************************************************************************
>> Linked Sat Apr 11 17:20:05 2020

OUTPUT FILE NAME:   <uart_echo.out>
ENTRY POINT SYMBOL: "_c_int00_noargs"  address: 000009f5


MEMORY CONFIGURATION

         name            origin    length      used     unused   attr    fill
----------------------  --------  ---------  --------  --------  ----  --------
  FLASH                 00000000   00100000  00000e04  000ff1fc  R  X
  SRAM                  20000000   00040000  00000104  0003fefc  RW X


SEGMENT ALLOCATION MAP

run origin  load origin   length   init length attrs members
----------  ----------- ---------- ----------- ----- -------
00000000    00000000    00000e04   00000e04    r-x
  00000000    00000000    00000200   00000200    r-- .intvecs
  00000200    00000200    0000090c   0000090c    r-x .text
  00000b0c    00000b0c    000002e4   000002e4    r-- .const
  00000df0    00000df0    00000014   00000014    r-- .cinit
20000000    20000000    00000104   00000000    rw-
  20000000    20000000    00000100   00000000    rw- .stack
  20000100    20000100    00000004   00000000    rw- .bss


SECTION ALLOCATION MAP

 output                                  attributes/
section   page    origin      length       input sections
--------  ----  ----------  ----------   ----------------
.intvecs   0    00000000    00000200     
                  00000000    00000200     startup_ccs.obj (.intvecs)

.text      0    00000200    0000090c     
                  00000200    00000200     driverlib.lib : sysctl.obj (.text:SysCtlClockFreqSet)
                  00000400    00000132                   : gpio.obj (.text:GPIOPadConfigSet)
                  00000532    000000fc     rtsv7M4_T_le_v4SPD16_eabi.lib : fd_mul_t2.asm.obj (.text)
                  0000062e    00000002     startup_ccs.obj (.text:FaultISR)
                  00000630    000000d4     tmp102.obj (.text:temp_read)
                  00000704    000000c4     uart_echo.obj (.text:main)
                  000007c8    00000080     uart_echo.obj (.text:UARTIntHandler)
                  00000848    00000060     tmp102.obj (.text:temp_init)
                  000008a8    00000048     driverlib.lib : gpio.obj (.text:GPIOPinConfigure)
                  000008f0    00000048                   : sysctl.obj (.text:_SysCtlFrequencyGet)
                  00000938    00000044     rtsv7M4_T_le_v4SPD16_eabi.lib : autoinit.c.obj (.text:__TI_auto_init_nobinit_nopinit:__TI_auto_init_nobinit_nopinit)
                  0000097c    00000044                                   : fd_tou_t2.asm.obj (.text)
                  000009c0    00000034     driverlib.lib : sysctl.obj (.text:SysCtlPeripheralEnable)
                  000009f4    00000034     rtsv7M4_T_le_v4SPD16_eabi.lib : boot_cortex_m.c.obj (.text:_c_int00_noargs:_c_int00_noargs)
                  00000a28    0000002a     driverlib.lib : gpio.obj (.text:GPIODirModeSet)
                  00000a52    00000002     startup_ccs.obj (.text:IntDefaultHandler)
                  00000a54    00000020     driverlib.lib : sysctl.obj (.text:_SysCtlMemTimingGet)
                  00000a74    00000020     rtsv7M4_T_le_v4SPD16_eabi.lib : u_tofd_t2.asm.obj (.text)
                  00000a94    0000001c                                   : copy_zero_init.c.obj (.text:decompress:ZI:__TI_zero_init_nomemset:__TI_zero_init_nomemset)
                  00000ab0    00000012     driverlib.lib : gpio.obj (.text:GPIOPinTypeI2C)
                  00000ac2    00000012                   : gpio.obj (.text:GPIOPinTypeI2CSCL)
                  00000ad4    00000008                   : i2c.obj (.text:I2CMasterBusy)
                  00000adc    00000008                   : i2c.obj (.text:I2CMasterSlaveAddrSet)
                  00000ae4    00000006                   : gpio.obj (.text:GPIOPinWrite)
                  00000aea    00000006     startup_ccs.obj (.text:ResetISR)
                  00000af0    00000006     driverlib.lib : sysctl.obj (.text:SysCtlDelay)
                  00000af6    00000004                   : i2c.obj (.text:I2CMasterControl)
                  00000afa    00000004                   : i2c.obj (.text:I2CMasterDataGet)
                  00000afe    00000004                   : i2c.obj (.text:I2CMasterDataPut)
                  00000b02    00000004     rtsv7M4_T_le_v4SPD16_eabi.lib : pre_init.c.obj (.text:_system_pre_init)
                  00000b06    00000004                                   : exit.c.obj (.text:abort:abort)
                  00000b0a    00000002     startup_ccs.obj (.text:NmiSR)

.const     0    00000b0c    000002e4     
                  00000b0c    000001b0     driverlib.lib : sysctl.obj (.const:g_pppui32XTALtoVCO)
                  00000cbc    00000090                   : gpio.obj (.const:g_pui32GPIOBaseAddrs)
                  00000d4c    0000006c                   : sysctl.obj (.const:g_pui32Xtals)
                  00000db8    00000030                   : sysctl.obj (.const:g_sXTALtoMEMTIM)
                  00000de8    00000008                   : sysctl.obj (.const)

.cinit     0    00000df0    00000014     
                  00000df0    00000008     (.cinit..bss.load) [load image, compression = zero_init]
                  00000df8    00000004     (__TI_handler_table)
                  00000dfc    00000008     (__TI_cinit_table)

.init_array 
*          0    00000000    00000000     UNINITIALIZED

.bss       0    20000100    00000004     UNINITIALIZED
                  20000100    00000004     (.common:g_ui32SysClock)

.stack     0    20000000    00000100     UNINITIALIZED
                  20000000    00000004     rtsv7M4_T_le_v4SPD16_eabi.lib : boot_cortex_m.c.obj (.stack)
                  20000004    000000fc     --HOLE--

MODULE SUMMARY

       Module                 code   ro data   rw data
       ------                 ----   -------   -------
    .\
       startup_ccs.obj        12     512       0      
       uart_echo.obj          324    0         4      
       tmp102.obj             308    0         0      
    +--+----------------------+------+---------+---------+
       Total:                 644    512       4      
                                                      
    C:/ti/TivaWare_C_Series_1/driverlib/ccs/Debug/driverlib.lib
       sysctl.obj             674    596       0      
       gpio.obj               462    144       0      
       i2c.obj                28     0         0      
    +--+----------------------+------+---------+---------+
       Total:                 1164   740       0      
                                                      
    C:\ti\ccs920\ccs\tools\compiler\ti-cgt-arm_18.12.3.LTS\lib\rtsv7M4_T_le_v4SPD16_eabi.lib
       fd_mul_t2.asm.obj      252    0         0      
       autoinit.c.obj         68     0         0      
       fd_tou_t2.asm.obj      68     0         0      
       boot_cortex_m.c.obj    52     0         0      
       u_tofd_t2.asm.obj      32     0         0      
       copy_zero_init.c.obj   28     0         0      
       exit.c.obj             4      0         0      
       pre_init.c.obj         4      0         0      
    +--+----------------------+------+---------+---------+
       Total:                 508    0         0      
                                                      
       Stack:                 0      0         256    
       Linker Generated:      0      20        0      
    +--+----------------------+------+---------+---------+
       Grand Total:           2316   1272      260    


LINKER GENERATED COPY TABLES

__TI_cinit_table @ 00000dfc records: 1, size/record: 8, table size: 8
	.bss: load addr=00000df0, load size=00000008 bytes, run addr=20000100, run size=00000004 bytes, compression=zero_init


LINKER GENERATED HANDLER TABLE

__TI_handler_table @ 00000df8 records: 1, size/record: 4, table size: 4
	index: 0, handler: __TI_zero_init


GLOBAL SYMBOLS: SORTED ALPHABETICALLY BY Name 

address   name                          
-------   ----                          
00000b07  C$$EXIT                       
00000a29  GPIODirModeSet                
00000401  GPIOPadConfigSet              
000008a9  GPIOPinConfigure              
00000ab1  GPIOPinTypeI2C                
00000ac3  GPIOPinTypeI2CSCL             
00000ae5  GPIOPinWrite                  
00000ad5  I2CMasterBusy                 
00000af7  I2CMasterControl              
00000afb  I2CMasterDataGet              
00000aff  I2CMasterDataPut              
00000add  I2CMasterSlaveAddrSet         
00000aeb  ResetISR                      
00000201  SysCtlClockFreqSet            
00000af1  SysCtlDelay                   
000009c1  SysCtlPeripheralEnable        
000007c9  UARTIntHandler                
UNDEFED   UARTprintf                    
20000100  __STACK_END                   
00000100  __STACK_SIZE                  
20000100  __STACK_TOP                   
00000dfc  __TI_CINIT_Base               
00000e04  __TI_CINIT_Limit              
00000df8  __TI_Handler_Table_Base       
00000dfc  __TI_Handler_Table_Limit      
00000939  __TI_auto_init_nobinit_nopinit
ffffffff  __TI_pprof_out_hndl           
ffffffff  __TI_prof_data_size           
ffffffff  __TI_prof_data_start          
00000000  __TI_static_base__            
00000a95  __TI_zero_init_nomemset       
0000097d  __aeabi_d2uiz                 
00000533  __aeabi_dmul                  
00000a75  __aeabi_ui2d                  
ffffffff  __binit__                     
ffffffff  __c_args__                    
UNDEFED   __mpu_init                    
20000000  __stack                       
000009f5  _c_int00_noargs               
UNDEFED   _system_post_cinit            
00000b03  _system_pre_init              
00000b07  abort                         
ffffffff  binit                         
00000000  g_pfnVectors                  
20000100  g_ui32SysClock                
00000705  main                          
00000849  temp_init                     
00000631  temp_read                     


GLOBAL SYMBOLS: SORTED BY Symbol Address 

address   name                          
-------   ----                          
00000000  __TI_static_base__            
00000000  g_pfnVectors                  
00000100  __STACK_SIZE                  
00000201  SysCtlClockFreqSet            
00000401  GPIOPadConfigSet              
00000533  __aeabi_dmul                  
00000631  temp_read                     
00000705  main                          
000007c9  UARTIntHandler                
00000849  temp_init                     
000008a9  GPIOPinConfigure              
00000939  __TI_auto_init_nobinit_nopinit
0000097d  __aeabi_d2uiz                 
000009c1  SysCtlPeripheralEnable        
000009f5  _c_int00_noargs               
00000a29  GPIODirModeSet                
00000a75  __aeabi_ui2d                  
00000a95  __TI_zero_init_nomemset       
00000ab1  GPIOPinTypeI2C                
00000ac3  GPIOPinTypeI2CSCL             
00000ad5  I2CMasterBusy                 
00000add  I2CMasterSlaveAddrSet         
00000ae5  GPIOPinWrite                  
00000aeb  ResetISR                      
00000af1  SysCtlDelay                   
00000af7  I2CMasterControl              
00000afb  I2CMasterDataGet              
00000aff  I2CMasterDataPut              
00000b03  _system_pre_init              
00000b07  C$$EXIT                       
00000b07  abort                         
00000df8  __TI_Handler_Table_Base       
00000dfc  __TI_CINIT_Base               
00000dfc  __TI_Handler_Table_Limit      
00000e04  __TI_CINIT_Limit              
20000000  __stack                       
20000100  __STACK_END                   
20000100  __STACK_TOP                   
20000100  g_ui32SysClock                
ffffffff  __TI_pprof_out_hndl           
ffffffff  __TI_prof_data_size           
ffffffff  __TI_prof_data_start          
ffffffff  __binit__                     
ffffffff  __c_args__                    
ffffffff  binit                         
UNDEFED   UARTprintf                    
UNDEFED   __mpu_init                    
UNDEFED   _system_post_cinit            

[48 symbols]
